syscalls.c:70:6:ITM_SendChar	16	static
syscalls.c:100:6:initialise_monitor_handles	4	static
syscalls.c:104:5:_getpid	4	static
syscalls.c:109:5:_kill	16	static
syscalls.c:115:6:_exit	16	static
syscalls.c:121:5:_read	32	static
syscalls.c:133:5:_write	32	static
syscalls.c:145:9:_sbrk	24	static
syscalls.c:168:5:_close	16	static
syscalls.c:174:5:_fstat	16	static
syscalls.c:180:5:_isatty	16	static
syscalls.c:185:5:_lseek	24	static
syscalls.c:190:5:_open	12	static
syscalls.c:196:5:_wait	16	static
syscalls.c:202:5:_unlink	16	static
syscalls.c:208:5:_times	16	static
syscalls.c:213:5:_stat	16	static
syscalls.c:219:5:_link	16	static
syscalls.c:225:5:_fork	8	static
syscalls.c:231:5:_execve	24	static
